[ixl.plus/index.html]
[ixl.plus/assets/images/icon.png]
[backblue.gif]
[fade.gif]
[index.html]
[ixl.plus/css/master.css]
[ixl.plus/uv/uv.bundle.js]
[ixl.plus/uv/uv.config.js]
[ixl.plus/js/preload.js]
[ixl.plus/gs.html]
[ixl.plus/apps.html]
[ixl.plus/emulator.html]
[ixl.plus/search.html]
[ixl.plus/searchf9c4.html]
[ixl.plus/settings.html]
[ixl.plus/about.html]
[ixl.plus/index.html]
[ixl.plus/js/index.js]
[ixl.plus/css/main.css]
[ixl.plus/css/themes.css]
[ixl.plus/css/nav.css]
[ixl.plus/assets/fonts/ggsans.woff2]
[ixl.plus/css/master.css]
[ixl.plus/assets/data/games.js]
[ixl.plus/gs.html]
[ixl.plus/js/games.js]
[ixl.plus/assets/data/apps.js]
[ixl.plus/apps.html]
[ixl.plus/emulator.html]
[ixl.plus/js/apps.js]
[ixl.plus/index-2.html]
[ixl.plus/search.html]
[ixl.plus/searchf9c4.html]
[ixl.plus/js/search.js]
[v4.artclass.site/assets/images/icon.17.delayed]
[static-00.iconduck.com/assets.00/google-icon-2048x2048-czn3g8x8.png]
[ssl.gstatic.com/docs/doclist/images/drive_2022q3_32dp.png]
[ssl.gstatic.com/classroom/ic_product_classroom_32.png]
[ixl.plus/settings.html]
[ixl.plus/about.html]
[ixl.plus/js/settings.js]
[ixl.plus/css/main.css]
[ixl.plus/css/cards.css]
[www.rd.com/wp-content/uploads/2021/05/traditional-gay-pride-flag.1d1d4e.delayed]
[yourcatholicfoundation.org.au/wp-content/uploads/2019/09/Main-Image-bg.jpg]
[ixl.plus/css/themes.css]
[ixl.plus/css/nav.css]
[ixl.plus/index-2.html]
[v4.artclass.site/assets/images/icon.html]
[ixl.plus/css/cards.css]
[www.rd.com/wp-content/uploads/2021/05/traditional-gay-pride-flag1d4e.html]
